// Jest Snapshot v1, https://goo.gl/fbAQLP

exports[`<ListItem /> Component Render <ListItem /> should render <ListItem /> Without Crashing 1`] = `undefined`;
