// Jest Snapshot v1, https://goo.gl/fbAQLP

exports[`<Header /> Component should render <Header /> Without Crashing 1`] = `undefined`;
