// Jest Snapshot v1, https://goo.gl/fbAQLP

exports[`Renders Without Crashing should render <App /> Without Crashing 1`] = `undefined`;
